<Internal Instance of "Dinosaur">
RROOOOAAAAARRRR!!!
MUUUNCHHHH
<Internal Instance of "Chicken">
RROOOOAAAAARRRR!!!
nibble...
