<Internal Class, "Circle">
initializing
3.0
initializing
<Internal Instance of "Circle">
