Cookie with chocolate and sprinkles
Cookie with pb and jelly
