Fibonacci Generator:
0.0 - 0.0
1.0 - 1.0
2.0 - 1.0
3.0 - 2.0
4.0 - 3.0
5.0 - 5.0
6.0 - 8.0
7.0 - 13.0
8.0 - 21.0
9.0 - 34.0
10.0 - 55.0
11.0 - 89.0
12.0 - 144.0
13.0 - 233.0
14.0 - 377.0
15.0 - 610.0
