<Internal Instance of "Foo">
<Internal Instance of "Foo">
<Internal Instance of "Foo">
