0
5.0
6.0
1
5.0
4.5
2
5.0
3.6
3
5.0
3.0
4
5.0
2.5714285714285716
5
5.0
2.25
6
5.0
2.0
7
5.0
1.8
