tasting
German chocolate
setting flavor
tasting
cheesecake
5.0
10.0
